[1mVerifying node exists...[0m Node 'ip-10-42-8-222.ec2.internal' found
[1mChecking node taints...[0m No taints found on node
[1mTageted node instance type... [0m  m8i.4xlarge
[1mCheck namespace security policy... [0m  Namespace 'aad' has 'privileged' policy - privileged pods allowed.
[1mResource usage for pods on ip-10-42-8-222.ec2.internal:[0m
NAMESPACE     NAME                                  CPU(cores)   MEMORY(bytes)   
aad           java-76f7f588fb-xbrvh                 10391m       16067Mi         
aad           otel-ebpf-profiler-mv58f              106m         233Mi           
kube-system   aws-node-xkdh7                        11m          42Mi            
kube-system   ebs-csi-node-drh8n                    2m           34Mi            
kube-system   eks-pod-identity-agent-w74rg          1m           12Mi            
kube-system   kube-proxy-mbnl9                      1m           14Mi            
[1mChecking node allocatable capacity...[0m
  Allocatable: 15890m CPU, 58567Mi memory
  Requested by existing pods: 15380m CPU, 49512Mi memory
  Available: 510m CPU, 9055Mi memory
  APerf requests: 10m CPU, 64Mi memory
  [0;32mNode has sufficient allocatable capacity.[0m

[1mCreated pod configuration for node:[0m ip-10-42-8-222.ec2.internal[0m
[1mDeploying pod to Kubernetes...[0m  pod/aperf-pod-ip-10-42-8-222-ec2-internal created
[1mWaiting for pod to start...[0m  pod/aperf-pod-ip-10-42-8-222-ec2-internal condition met
[1mStarting program logs...[0m [0;33m
Copy async-profiler files...
Relaxing kernel perf settings for aperf record (orig perf_event_paranoid=2, kptr_restrict=1)...
Starting Aperf recording execution...
Run: /usr/bin/aperf record --tmp-dir=/tmp/aperf/profile  -r aperf_record -i 1 -p 300
[2026-09-28T20:20:49Z INFO  aperf::record] Starting Data collection...
[2026-09-28T20:20:49Z INFO  aperf::record] Preparing data collectors...
[2026-09-28T20:20:49Z INFO  aperf::record] Collecting data...
[2026-09-28T20:25:49Z INFO  aperf::record] Data collection complete.
[2026-09-28T20:25:50Z INFO  aperf] Data collected in aperf_record/, archived in aperf_record.tar.gz
APerf record completed
Kernel perf settings restored.

Starting Aperf report generation...
Run: /usr/bin/aperf report -r aperf_record -n aperf_record_report
[2026-09-28T20:25:50Z INFO  aperf::report] Creating archive "/tmp/aperf-tmp-dt8lag/aperf_record.tar.gz"
[2026-09-28T20:25:50Z INFO  aperf::report] Creating APerf report...
[2026-09-28T20:25:50Z INFO  aperf::report] Processing collected data...
[2026-09-28T20:25:51Z WARN  aperf::data::common::time_series_data_processor] ena_stat.conntrack_allowance_available.eth0: skipped 121 data points due to unexpected decrease of accumulative data.
[2026-09-28T20:25:51Z WARN  aperf::data::common::time_series_data_processor] ena_stat.conntrack_allowance_available.eth1: skipped 121 data points due to unexpected decrease of accumulative data.
[2026-09-28T20:25:52Z INFO  aperf] Running analytical rules
[2026-09-28T20:25:52Z INFO  aperf::report] Writing processed data into report
[2026-09-28T20:25:52Z INFO  aperf::report] Copying archive to "aperf_record_report/data/archive/aperf_record.tar.gz"
[2026-09-28T20:25:52Z INFO  aperf::report] Creating report archive
[2026-09-28T20:25:53Z INFO  aperf::report] Report archived at aperf_record_report.tar.gz
APerf report generation completed

Waiting for files to be copied...
[0m[1mAperf completed. Copying files from pod aperf-pod-ip-10-42-8-222-ec2-internal...[0m
[1mDeleting pod to clean up resources...[0m  pod "aperf-pod-ip-10-42-8-222-ec2-internal" deleted
[1m[0;32mFiles copied to[0m [0;34maperf_record_20260928-152049.tar.gz[0m
[1mExtracting report files...[0m
  Extracted to [0;34maperf_record_20260928-152049/[0m[1m[0;32mDone![0m
