# own images: <account>.dkr.ecr.us-east-1.amazonaws.com/<name>:2026-09-24

=== 2026-09-24-cal-go-arm  go/arm-stock on node group aws-aad-mng-arm-stock (m9g.4xlarge x1) ===

# budget: USD 9.66 committed today, estimate 80.00
# kustomize overlay go/arm-stock with the own images of the day
$ aws eks update-nodegroup-config --region us-east-1 --cluster-name aws-aad-eks-lab --nodegroup-name aws-aad-mng-arm-stock --scaling-config desiredSize=1
{
    "update": {
        "id": "c55e2e48-5d03-3502-a8e2-cdd4f8b05533",
        "status": "InProgress",
        "type": "ConfigUpdate",
        "params": [
            {
                "type": "DesiredSize",
                "value": "1"
            }
        ],
        "createdAt": "2026-09-24T19:31:21.041000-05:00",
        "errors": []
    }
}
# wait for 1 Ready node(s) with aad/cell=arm-stock (timeout 900s, poll 10s)
# wait for 1 Ready node(s) with aad/role=loader (timeout 900s, poll 10s)
# kustomize overlay go/arm-stock with the own images of the day
# apply overlay go/arm-stock
$ <stdin> | kubectl apply -f -
service/go created
deployment.apps/go created
$ kubectl -n aad rollout status deploy/go --timeout=900s
Waiting for deployment "go" rollout to finish: 0 of 1 updated replicas are available...
deployment "go" successfully rolled out
$ kubectl get --raw /api/v1/namespaces/aad/services/go:8080/proxy/healthz
$ kubectl create configmap k6-scripts -n aad --from-file=/Users/andreszeballoscarbajal/Documents/personal/charlas/armed-and-dangerous/runner/k6 --dry-run=client -o yaml
# apply configmap/k6-scripts
$ <stdin> | kubectl apply -f -
configmap/k6-scripts configured
$ kubectl -n aad delete job k6-go-arm-stock-warmup --ignore-not-found
$ kubectl -n aad wait --for=delete job/k6-go-arm-stock-warmup --timeout=60s
# apply job/k6-go-arm-stock-warmup
$ <stdin> | kubectl apply -f -
job.batch/k6-go-arm-stock-warmup created
# wait for job/k6-go-arm-stock-warmup (timeout 360s, poll 10s)
$ kubectl -n aad logs job/k6-go-arm-stock-warmup
# job/k6-go-arm-stock-warmup -> Complete=True
$ kubectl -n aad delete job k6-go-arm-stock-knee --ignore-not-found
$ kubectl -n aad wait --for=delete job/k6-go-arm-stock-knee --timeout=60s
# apply job/k6-go-arm-stock-knee
$ <stdin> | kubectl apply -f -
job.batch/k6-go-arm-stock-knee created
# wait for job/k6-go-arm-stock-knee (timeout 1500s, poll 10s)
$ kubectl -n aad logs job/k6-go-arm-stock-knee
# job/k6-go-arm-stock-knee -> Failed=True
$ aws eks update-nodegroup-config --region us-east-1 --cluster-name aws-aad-eks-lab --nodegroup-name aws-aad-mng-arm-stock --scaling-config desiredSize=0
{
    "update": {
        "id": "2972e9ef-838c-360c-bfef-5645e3e98308",
        "status": "InProgress",
        "type": "ConfigUpdate",
        "params": [
            {
                "type": "DesiredSize",
                "value": "0"
            }
        ],
        "createdAt": "2026-09-24T19:54:04.953000-05:00",
        "errors": []
    }
}
# wait for no node with aad/cell=arm-stock (timeout 600s, poll 10s)
$ kubectl -n aad delete jobs -l aad/cell=arm-stock --ignore-not-found
job.batch "k6-go-arm-stock-knee" deleted
job.batch "k6-go-arm-stock-warmup" deleted
$ kubectl delete -k /Users/andreszeballoscarbajal/Documents/personal/charlas/armed-and-dangerous/manifests/workloads/go/overlays/arm-stock --ignore-not-found
service "go" deleted
deployment.apps "go" deleted

# go/arm-stock: 25.5 min

# Ledger 2026-09-24-cal-go-arm

| workload | cell | instancia | nodos | minutos | USD |
|---|---|---|---|---|---|
| go | arm-stock | m9g.4xlarge | 1 | 25.5 | 0.33 |
| (fijo) | loader + tools + control plane | c7i.8xlarge, m7g.large, eks-control-plane | 1 | 360.0 | 9.66 |
| **total** | | | | | **9.99** |

estimate_per_day_usd: 80.00 - OK

