[1mVerifying node exists...[0m Node 'ip-10-42-4-67.ec2.internal' found
[1mChecking node taints...[0m [0;33mNode has taints, adding tolerations to pod spec[0m
    Taint: aad/sut=true:NoSchedule
[1mTageted node instance type... [0m  m8a.4xlarge
[1mCheck namespace security policy... [0m  Namespace 'aad' has 'privileged' policy - privileged pods allowed.
[1mResource usage for pods on ip-10-42-4-67.ec2.internal:[0m
NAMESPACE     NAME                                  CPU(cores)   MEMORY(bytes)   
aad           java-7d74b8449f-78h2j                 5240m        16120Mi         
aad           otel-ebpf-profiler-jk6jt              43m          220Mi           
kube-system   aws-node-5vdmf                        5m           41Mi            
kube-system   ebs-csi-node-vjqbw                    1m           29Mi            
kube-system   eks-pod-identity-agent-6swzw          1m           10Mi            
kube-system   kube-proxy-rk5m6                      1m           14Mi            
[1mChecking node allocatable capacity...[0m
  Allocatable: 15750m CPU, 61521Mi memory
  Requested by existing pods: 15380m CPU, 49512Mi memory
  Available: 370m CPU, 12009Mi memory
  APerf requests: 10m CPU, 64Mi memory
  [0;32mNode has sufficient allocatable capacity.[0m

[1mCreated pod configuration for node:[0m ip-10-42-4-67.ec2.internal[0m
[1mDeploying pod to Kubernetes...[0m  pod/aperf-pod-ip-10-42-4-67-ec2-internal created
[1mWaiting for pod to start...[0m  pod/aperf-pod-ip-10-42-4-67-ec2-internal condition met
[1mStarting program logs...[0m [0;33m
async-profiler files already exist, skipping copy
Relaxing kernel perf settings for aperf record (orig perf_event_paranoid=2, kptr_restrict=1)...
Starting Aperf recording execution...
Run: /usr/bin/aperf record --tmp-dir=/tmp/aperf/profile  -r aperf_record -i 1 -p 480
[2026-09-25T23:47:33Z INFO  aperf::record] Starting Data collection...
[2026-09-25T23:47:33Z INFO  aperf::record] Preparing data collectors...
[2026-09-25T23:47:33Z WARN  aperf::data::perf_stat] Event multiplexing may result in bad PMU data.
[2026-09-25T23:47:33Z INFO  aperf::record] Collecting data...
[2026-09-25T23:55:33Z INFO  aperf::record] Data collection complete.
[2026-09-25T23:55:33Z INFO  aperf] Data collected in aperf_record/, archived in aperf_record.tar.gz
APerf record completed
Kernel perf settings restored.

Starting Aperf report generation...
Run: /usr/bin/aperf report -r aperf_record -n aperf_record_report
[2026-09-25T23:55:33Z INFO  aperf::report] Creating archive "/tmp/aperf-tmp-SOxdGJ/aperf_record.tar.gz"
[2026-09-25T23:55:34Z INFO  aperf::report] Creating APerf report...
[2026-09-25T23:55:34Z INFO  aperf::report] Processing collected data...
[2026-09-25T23:55:35Z WARN  aperf::data::common::time_series_data_processor] ena_stat.conntrack_allowance_available.eth1: skipped 236 data points due to unexpected decrease of accumulative data.
[2026-09-25T23:55:35Z WARN  aperf::data::common::time_series_data_processor] ena_stat.conntrack_allowance_available.eth0: skipped 236 data points due to unexpected decrease of accumulative data.
[2026-09-25T23:55:35Z INFO  aperf] Running analytical rules
[2026-09-25T23:55:35Z INFO  aperf::report] Writing processed data into report
[2026-09-25T23:55:36Z INFO  aperf::report] Copying archive to "aperf_record_report/data/archive/aperf_record.tar.gz"
[2026-09-25T23:55:36Z INFO  aperf::report] Creating report archive
[2026-09-25T23:55:36Z INFO  aperf::report] Report archived at aperf_record_report.tar.gz
APerf report generation completed

Waiting for files to be copied...
[0m[1mAperf completed. Copying files from pod aperf-pod-ip-10-42-4-67-ec2-internal...[0m
[1mDeleting pod to clean up resources...[0m  pod "aperf-pod-ip-10-42-4-67-ec2-internal" deleted
[1m[0;32mFiles copied to[0m [0;34maperf_record_20260925-184733.tar.gz[0m
[1mExtracting report files...[0m
  Extracted to [0;34maperf_record_20260925-184733/[0m[1m[0;32mDone![0m
