START 2026-09-28-task8-arc java/m9g --runs 1 18:05Z
END 2026-09-28-task8-arc java/m9g rc=0 18:33Z
START 2026-09-28-task8-arc java/m8g --runs 1 18:33Z
END 2026-09-28-task8-arc java/m8g rc=0 19:02Z
START 2026-09-28-task8-arc java/m7g --runs 1 19:02Z
END 2026-09-28-task8-arc java/m7g rc=0 19:30Z
START 2026-09-28-task8-arc java/m6g --runs 1 19:30Z
END 2026-09-28-task8-arc java/m6g rc=0 19:59Z
START 2026-09-28-task8-arc java/m8i --runs 1 19:59Z
END 2026-09-28-task8-arc java/m8i rc=0 20:28Z
START 2026-09-28-task8-arc java/m7i --runs 1 20:28Z
END 2026-09-28-task8-arc java/m7i rc=0 20:56Z
START 2026-09-28-task8-arc java/m6i --runs 1 20:56Z
END 2026-09-28-task8-arc java/m6i rc=0 21:25Z
START 2026-09-28-task8-arc java/m5 --runs 1 21:25Z
END 2026-09-28-task8-arc java/m5 rc=0 21:54Z
CHAIN-DONE
START 2026-09-28-task8-arc java/m8a --runs 1 21:54Z
END 2026-09-28-task8-arc java/m8a rc=0 22:23Z
CHAIN-DONE
START 2026-09-28-task8-arc-r2 java/m8g --runs 1 22:23Z
END 2026-09-28-task8-arc-r2 java/m8g rc=0 22:51Z
CHAIN-DONE
