START 2026-09-27-task7-d3 go/arm-stock --runs 3 06:00Z
END 2026-09-27-task7-d3 go/arm-stock rc=0 07:03Z
START 2026-09-27-task7-d3 go/amd-stock --runs 3 07:03Z
END 2026-09-27-task7-d3 go/amd-stock rc=0 08:07Z
START 2026-09-27-task7-d3 go/x86-stock --runs 3 08:07Z
END 2026-09-27-task7-d3 go/x86-stock rc=0 09:09Z
START 2026-09-27-task7-d3 java/arm-stock --runs 3 09:09Z
END 2026-09-27-task7-d3 java/arm-stock rc=0 10:07Z
START 2026-09-27-task7-d3 java/arm-tuned --runs 3 10:07Z
END 2026-09-27-task7-d3 java/arm-tuned rc=0 11:05Z
START 2026-09-27-task7-d3 java/amd-stock --runs 3 11:05Z
END 2026-09-27-task7-d3 java/amd-stock rc=0 12:03Z
START 2026-09-27-task7-d3 java/amd-tuned --runs 3 12:03Z
END 2026-09-27-task7-d3 java/amd-tuned rc=0 13:02Z
START 2026-09-27-task7-d3 java/x86-stock --runs 3 13:02Z
END 2026-09-27-task7-d3 java/x86-stock rc=0 14:01Z
START 2026-09-27-task7-d3 java/x86-tuned --runs 3 14:01Z
END 2026-09-27-task7-d3 java/x86-tuned rc=0 15:00Z
START 2026-09-27-task7-d3 java/arm-tuned-vthreads --runs 3 15:00Z
END 2026-09-27-task7-d3 java/arm-tuned-vthreads rc=0 15:58Z
START 2026-09-27-task7-d3 java/amd-tuned-vthreads --runs 3 15:58Z
END 2026-09-27-task7-d3 java/amd-tuned-vthreads rc=0 16:57Z
SSO-RENEWED until 2026-09-28T02:57
START 2026-09-27-task7-d3 java/x86-tuned-vthreads --runs 3 16:57Z
END 2026-09-27-task7-d3 java/x86-tuned-vthreads rc=0 17:56Z
START 2026-09-27-task7-d3 inference/arm-stock --runs 3 17:56Z
END 2026-09-27-task7-d3 inference/arm-stock rc=0 18:23Z
START 2026-09-27-task7-d3 inference/arm-tuned --runs 3 18:23Z
END 2026-09-27-task7-d3 inference/arm-tuned rc=0 18:52Z
START 2026-09-27-task7-d3 inference/amd-stock --runs 3 18:52Z
END 2026-09-27-task7-d3 inference/amd-stock rc=0 19:22Z
START 2026-09-27-task7-d3 inference/amd-tuned --runs 3 19:22Z
END 2026-09-27-task7-d3 inference/amd-tuned rc=0 19:50Z
START 2026-09-27-task7-d3 inference/x86-stock --runs 3 19:50Z
END 2026-09-27-task7-d3 inference/x86-stock rc=0 20:18Z
START 2026-09-27-task7-d3 inference/x86-tuned --runs 3 20:18Z
END 2026-09-27-task7-d3 inference/x86-tuned rc=0 20:45Z
START 2026-09-27-task7-d3 postgres/arm-stock --runs 3 20:45Z
END 2026-09-27-task7-d3 postgres/arm-stock rc=0 21:25Z
START 2026-09-27-task7-d3 postgres/arm-tuned --runs 3 21:25Z
END 2026-09-27-task7-d3 postgres/arm-tuned rc=0 22:05Z
START 2026-09-27-task7-d3 postgres/amd-stock --runs 3 22:05Z
END 2026-09-27-task7-d3 postgres/amd-stock rc=0 22:46Z
START 2026-09-27-task7-d3 postgres/amd-tuned --runs 3 22:46Z
END 2026-09-27-task7-d3 postgres/amd-tuned rc=0 23:27Z
START 2026-09-27-task7-d3 postgres/x86-stock --runs 3 23:27Z
END 2026-09-27-task7-d3 postgres/x86-stock rc=0 00:07Z
START 2026-09-27-task7-d3 postgres/x86-tuned --runs 3 00:07Z
END 2026-09-27-task7-d3 postgres/x86-tuned rc=0 00:49Z
CHAIN-DONE
SKIP done go/arm-stock
SKIP done go/amd-stock
SKIP done go/x86-stock
SKIP done java/arm-stock
SKIP done java/arm-tuned
SKIP done java/amd-stock
SKIP done java/amd-tuned
SKIP done java/x86-stock
SKIP done java/x86-tuned
SKIP done java/arm-tuned-vthreads
SKIP done java/amd-tuned-vthreads
SKIP done java/x86-tuned-vthreads
SKIP done inference/arm-stock
SKIP done inference/arm-tuned
SKIP done inference/amd-stock
SKIP done inference/amd-tuned
SKIP done inference/x86-stock
SKIP done inference/x86-tuned
SKIP done postgres/arm-stock
SKIP done postgres/arm-tuned
SKIP done postgres/amd-stock
SKIP done postgres/amd-tuned
SKIP done postgres/x86-stock
SKIP done postgres/x86-tuned
START 2026-09-27-task7-d3 mongo/arm-stock --runs 3 00:53Z
END 2026-09-27-task7-d3 mongo/arm-stock rc=0 01:37Z
STOP no-credentials before mongo/arm-tuned
SKIP done go/arm-stock
SKIP done go/amd-stock
SKIP done go/x86-stock
SKIP done java/arm-stock
SKIP done java/arm-tuned
SKIP done java/amd-stock
SKIP done java/amd-tuned
SKIP done java/x86-stock
SKIP done java/x86-tuned
SKIP done java/arm-tuned-vthreads
SKIP done java/amd-tuned-vthreads
SKIP done java/x86-tuned-vthreads
SKIP done inference/arm-stock
SKIP done inference/arm-tuned
SKIP done inference/amd-stock
SKIP done inference/amd-tuned
SKIP done inference/x86-stock
SKIP done inference/x86-tuned
SKIP done postgres/arm-stock
SKIP done postgres/arm-tuned
SKIP done postgres/amd-stock
SKIP done postgres/amd-tuned
SKIP done postgres/x86-stock
SKIP done postgres/x86-tuned
SKIP done mongo/arm-stock
START 2026-09-27-task7-d3 mongo/arm-tuned --runs 3 01:37Z
END 2026-09-27-task7-d3 mongo/arm-tuned rc=0 02:20Z
START 2026-09-27-task7-d3 mongo/amd-stock --runs 3 02:20Z
END 2026-09-27-task7-d3 mongo/amd-stock rc=0 03:03Z
START 2026-09-27-task7-d3 mongo/amd-tuned --runs 3 03:03Z
END 2026-09-27-task7-d3 mongo/amd-tuned rc=0 03:47Z
START 2026-09-27-task7-d3 mongo/x86-stock --runs 3 03:47Z
END 2026-09-27-task7-d3 mongo/x86-stock rc=0 04:31Z
START 2026-09-27-task7-d3 mongo/x86-tuned --runs 3 04:31Z
END 2026-09-27-task7-d3 mongo/x86-tuned rc=0 05:15Z
CHAIN-DONE
