[1mVerifying node exists...[0m Node 'ip-10-42-11-214.ec2.internal' found
[1mChecking node taints...[0m No taints found on node
[1mTageted node instance type... [0m  m8g.4xlarge
[1mCheck namespace security policy... [0m  Namespace 'aad' has 'privileged' policy - privileged pods allowed.
[1mResource usage for pods on ip-10-42-11-214.ec2.internal:[0m
NAMESPACE     NAME                                  CPU(cores)   MEMORY(bytes)   
aad           java-58ccdbdbc8-rxrmb                 4007m        16012Mi         
aad           otel-ebpf-profiler-t8m22              4m           207Mi           
kube-system   aws-node-vgrcb                        4m           43Mi            
kube-system   ebs-csi-node-s7tn9                    1m           32Mi            
kube-system   eks-pod-identity-agent-fgl8f          1m           11Mi            
kube-system   kube-proxy-gnsph                      1m           15Mi            
[1mChecking node allocatable capacity...[0m
  Allocatable: 15890m CPU, 60202Mi memory
  Requested by existing pods: 15380m CPU, 49512Mi memory
  Available: 510m CPU, 10690Mi memory
  APerf requests: 10m CPU, 64Mi memory
  [0;32mNode has sufficient allocatable capacity.[0m

[1mCreated pod configuration for node:[0m ip-10-42-11-214.ec2.internal[0m
[1mDeploying pod to Kubernetes...[0m  pod/aperf-pod-ip-10-42-11-214-ec2-internal created
[1mWaiting for pod to start...[0m  pod/aperf-pod-ip-10-42-11-214-ec2-internal condition met
[1mStarting program logs...[0m [0;33m
Copy async-profiler files...
Relaxing kernel perf settings for aperf record (orig perf_event_paranoid=2, kptr_restrict=1)...
Starting Aperf recording execution...
Run: /usr/bin/aperf record --tmp-dir=/tmp/aperf/profile  -r aperf_record -i 1 -p 300
[2026-09-28T18:55:01Z INFO  aperf::record] Starting Data collection...
[2026-09-28T18:55:01Z INFO  aperf::record] Preparing data collectors...
[2026-09-28T18:55:01Z INFO  aperf::record] Collecting data...
[2026-09-28T19:00:01Z INFO  aperf::record] Data collection complete.
[2026-09-28T19:00:01Z INFO  aperf] Data collected in aperf_record/, archived in aperf_record.tar.gz
APerf record completed
Kernel perf settings restored.

Starting Aperf report generation...
Run: /usr/bin/aperf report -r aperf_record -n aperf_record_report
[2026-09-28T19:00:01Z INFO  aperf::report] Creating archive "/tmp/aperf-tmp-QdujGR/aperf_record.tar.gz"
[2026-09-28T19:00:02Z INFO  aperf::report] Creating APerf report...
[2026-09-28T19:00:02Z INFO  aperf::report] Processing collected data...
[2026-09-28T19:00:02Z WARN  aperf::data::common::time_series_data_processor] ena_stat.conntrack_allowance_available.eth0: skipped 120 data points due to unexpected decrease of accumulative data.
[2026-09-28T19:00:02Z WARN  aperf::data::common::time_series_data_processor] ena_stat.conntrack_allowance_available.eth1: skipped 120 data points due to unexpected decrease of accumulative data.
[2026-09-28T19:00:03Z INFO  aperf] Running analytical rules
[2026-09-28T19:00:03Z INFO  aperf::report] Writing processed data into report
[2026-09-28T19:00:03Z INFO  aperf::report] Copying archive to "aperf_record_report/data/archive/aperf_record.tar.gz"
[2026-09-28T19:00:03Z INFO  aperf::report] Creating report archive
[2026-09-28T19:00:04Z INFO  aperf::report] Report archived at aperf_record_report.tar.gz
APerf report generation completed

Waiting for files to be copied...
[0m[1mAperf completed. Copying files from pod aperf-pod-ip-10-42-11-214-ec2-internal...[0m
[1mDeleting pod to clean up resources...[0m  pod "aperf-pod-ip-10-42-11-214-ec2-internal" deleted
[1m[0;32mFiles copied to[0m [0;34maperf_record_20260928-135501.tar.gz[0m
[1mExtracting report files...[0m
  Extracted to [0;34maperf_record_20260928-135501/[0m[1m[0;32mDone![0m
